Starting CAP Project Generator...
Using @sap/cds-dk [9.9.1] from /extbin/globals/bun/global/install/node_modules/@sap/cds-dk
Using @sap/generator-cap-project [2.0.6] from [/extbin/globals/bun/global/install/node_modules/@sap/generator-cap-project]
Using root path [/home/user/projects]

Creating project with destination, hana, mta, nodejs, tiny-sample, xsuaa

Adding facet: nodejs
Adding facet: mta
Adding facet: tiny-sample
Adding facet: xsuaa
Adding facet: hana
Adding facet: destination

Successfully initialized CAP project
Continue with: code EWM_Configuration_App 


Installing dependencies...

added 259 packages, and audited 260 packages in 5s

38 packages are looking for funding
  run `npm fund` for details

found 0 vulnerabilities

Finished installing dependencies

Done setting up project EWM_Configuration_App
Project is ready to use

